// Jest Snapshot v1, https://goo.gl/fbAQLP

exports[`QC should be as the snapshot 1`] = `null`;
