// Jest Snapshot v1, https://goo.gl/fbAQLP

exports[`Generic Coverage should be as the snapshot 1`] = `null`;
