// Jest Snapshot v1, https://goo.gl/fbAQLP

exports[`SequencingTable should be as the snapshot 1`] = `
<div
  className="ant-space ant-space-vertical"
  style={Object {}}
>
  <div
    className="ant-space-item"
    style={
      Object {
        "marginBottom": 8,
      }
    }
  >
    <div>
      <div
        className="ant-space ant-space-horizontal ant-space-align-center"
        style={Object {}}
      >
        <div
          className="ant-space-item"
          style={Object {}}
        >
          <span
            className="ant-typography"
            onClick={null}
            style={
              Object {
                "WebkitLineClamp": undefined,
              }
            }
          >
            Aucun résultat
          </span>
        </div>
      </div>
      <div
        className="ant-space ant-space-horizontal ant-space-align-center"
        style={Object {}}
      >
        <div
          className="ant-space-item"
          style={
            Object {
              "marginRight": 12,
            }
          }
        >
          <div>
            <button
              className="ant-btn ant-btn-text ant-btn-sm ant-btn-icon-only"
              disabled={false}
              onClick={[Function]}
              onMouseEnter={[Function]}
              onMouseLeave={[Function]}
              type="button"
            >
              <span
                aria-label="download"
                className="anticon anticon-download"
                role="img"
              >
                <svg
                  aria-hidden="true"
                  data-icon="download"
                  fill="currentColor"
                  focusable="false"
                  height="1em"
                  viewBox="64 64 896 896"
                  width="1em"
                >
                  <path
                    d="M505.7 661a8 8 0 0012.6 0l112-141.7c4.1-5.2.4-12.9-6.3-12.9h-74.1V168c0-4.4-3.6-8-8-8h-60c-4.4 0-8 3.6-8 8v338.3H400c-6.7 0-10.4 7.7-6.3 12.9l112 141.8zM878 626h-60c-4.4 0-8 3.6-8 8v154H214V634c0-4.4-3.6-8-8-8h-60c-4.4 0-8 3.6-8 8v198c0 17.7 14.3 32 32 32h684c17.7 0 32-14.3 32-32V634c0-4.4-3.6-8-8-8z"
                  />
                </svg>
              </span>
            </button>
          </div>
        </div>
        <div
          className="ant-space-item"
          style={Object {}}
        >
          <div>
            <button
              className="ant-btn ant-btn-text ant-btn-sm ant-btn-icon-only"
              disabled={false}
              onClick={[Function]}
              onMouseDown={[Function]}
              onMouseEnter={[Function]}
              onMouseLeave={[Function]}
              onTouchStart={[Function]}
              type="button"
            >
              <span
                aria-label="setting"
                className="anticon anticon-setting"
                role="img"
              >
                <svg
                  aria-hidden="true"
                  data-icon="setting"
                  fill="currentColor"
                  focusable="false"
                  height="1em"
                  viewBox="64 64 896 896"
                  width="1em"
                >
                  <path
                    d="M924.8 625.7l-65.5-56c3.1-19 4.7-38.4 4.7-57.8s-1.6-38.8-4.7-57.8l65.5-56a32.03 32.03 0 009.3-35.2l-.9-2.6a443.74 443.74 0 00-79.7-137.9l-1.8-2.1a32.12 32.12 0 00-35.1-9.5l-81.3 28.9c-30-24.6-63.5-44-99.7-57.6l-15.7-85a32.05 32.05 0 00-25.8-25.7l-2.7-.5c-52.1-9.4-106.9-9.4-159 0l-2.7.5a32.05 32.05 0 00-25.8 25.7l-15.8 85.4a351.86 351.86 0 00-99 57.4l-81.9-29.1a32 32 0 00-35.1 9.5l-1.8 2.1a446.02 446.02 0 00-79.7 137.9l-.9 2.6c-4.5 12.5-.8 26.5 9.3 35.2l66.3 56.6c-3.1 18.8-4.6 38-4.6 57.1 0 19.2 1.5 38.4 4.6 57.1L99 625.5a32.03 32.03 0 00-9.3 35.2l.9 2.6c18.1 50.4 44.9 96.9 79.7 137.9l1.8 2.1a32.12 32.12 0 0035.1 9.5l81.9-29.1c29.8 24.5 63.1 43.9 99 57.4l15.8 85.4a32.05 32.05 0 0025.8 25.7l2.7.5a449.4 449.4 0 00159 0l2.7-.5a32.05 32.05 0 0025.8-25.7l15.7-85a350 350 0 0099.7-57.6l81.3 28.9a32 32 0 0035.1-9.5l1.8-2.1c34.8-41.1 61.6-87.5 79.7-137.9l.9-2.6c4.5-12.3.8-26.3-9.3-35zM788.3 465.9c2.5 15.1 3.8 30.6 3.8 46.1s-1.3 31-3.8 46.1l-6.6 40.1 74.7 63.9a370.03 370.03 0 01-42.6 73.6L721 702.8l-31.4 25.8c-23.9 19.6-50.5 35-79.3 45.8l-38.1 14.3-17.9 97a377.5 377.5 0 01-85 0l-17.9-97.2-37.8-14.5c-28.5-10.8-55-26.2-78.7-45.7l-31.4-25.9-93.4 33.2c-17-22.9-31.2-47.6-42.6-73.6l75.5-64.5-6.5-40c-2.4-14.9-3.7-30.3-3.7-45.5 0-15.3 1.2-30.6 3.7-45.5l6.5-40-75.5-64.5c11.3-26.1 25.6-50.7 42.6-73.6l93.4 33.2 31.4-25.9c23.7-19.5 50.2-34.9 78.7-45.7l37.9-14.3 17.9-97.2c28.1-3.2 56.8-3.2 85 0l17.9 97 38.1 14.3c28.7 10.8 55.4 26.2 79.3 45.8l31.4 25.8 92.8-32.9c17 22.9 31.2 47.6 42.6 73.6L781.8 426l6.5 39.9zM512 326c-97.2 0-176 78.8-176 176s78.8 176 176 176 176-78.8 176-176-78.8-176-176-176zm79.2 255.2A111.6 111.6 0 01512 614c-29.9 0-58-11.7-79.2-32.8A111.6 111.6 0 01400 502c0-29.9 11.7-58 32.8-79.2C454 401.6 482.1 390 512 390c29.9 0 58 11.6 79.2 32.8A111.6 111.6 0 01624 502c0 29.9-11.7 58-32.8 79.2z"
                  />
                </svg>
              </span>
            </button>
          </div>
        </div>
      </div>
    </div>
  </div>
  <div
    className="ant-space-item"
    style={Object {}}
  >
    <div
      className="ant-table-wrapper"
    >
      <div
        className="ant-spin-nested-loading"
      >
        <div
          className="ant-spin-container"
        >
          <div
            className="ant-table ant-table-small ant-table-bordered ant-table-empty"
          >
            <div
              className="ant-table-container"
            >
              <div
                className="ant-table-content"
                onScroll={[Function]}
                style={Object {}}
              >
                <table
                  style={
                    Object {
                      "tableLayout": "auto",
                    }
                  }
                >
                  <colgroup>
                    <col
                      className="ant-table-selection-col"
                      style={
                        Object {
                          "width": undefined,
                        }
                      }
                    />
                  </colgroup>
                  <thead
                    className="ant-table-thead"
                  >
                    <tr>
                      <th
                        className="ant-table-cell ant-table-selection-column"
                        colSpan={null}
                        onMouseEnter={[Function]}
                        onMouseLeave={[Function]}
                        rowSpan={null}
                        style={Object {}}
                      >
                        <div
                          className="ant-table-selection"
                        >
                          <label
                            className="ant-checkbox-wrapper ant-checkbox-wrapper-disabled"
                          >
                            <span
                              className="ant-checkbox ant-checkbox-disabled"
                              style={Object {}}
                            >
                              <input
                                checked={false}
                                className="ant-checkbox-input"
                                disabled={true}
                                onBlur={[Function]}
                                onChange={[Function]}
                                onFocus={[Function]}
                                onKeyDown={[Function]}
                                onKeyPress={[Function]}
                                onKeyUp={[Function]}
                                type="checkbox"
                              />
                              <span
                                className="ant-checkbox-inner"
                              />
                            </span>
                          </label>
                        </div>
                      </th>
                      <th
                        className="ant-table-cell"
                        colSpan={null}
                        onMouseEnter={[Function]}
                        onMouseLeave={[Function]}
                        rowSpan={null}
                        style={Object {}}
                      >
                        Requête
                      </th>
                      <th
                        className="ant-table-cell ant-table-column-has-sorters"
                        colSpan={null}
                        onClick={[Function]}
                        onKeyDown={[Function]}
                        onMouseEnter={[Function]}
                        onMouseLeave={[Function]}
                        rowSpan={null}
                        style={Object {}}
                        tabIndex={0}
                      >
                        <div
                          className="ant-table-column-sorters"
                        >
                          <span
                            className="ant-table-column-title"
                          >
                            <span
                              onMouseEnter={[Function]}
                              onMouseLeave={[Function]}
                              style={
                                Object {
                                  "borderBottom": "1px dotted",
                                }
                              }
                            >
                              Échantillon
                            </span>
                          </span>
                          <span
                            className="ant-table-column-sorter ant-table-column-sorter-full"
                          >
                            <span
                              className="ant-table-column-sorter-inner"
                            >
                              <span
                                aria-label="caret-up"
                                className="anticon anticon-caret-up ant-table-column-sorter-up"
                                role="img"
                              >
                                <svg
                                  aria-hidden="true"
                                  data-icon="caret-up"
                                  fill="currentColor"
                                  focusable="false"
                                  height="1em"
                                  viewBox="0 0 1024 1024"
                                  width="1em"
                                >
                                  <path
                                    d="M858.9 689L530.5 308.2c-9.4-10.9-27.5-10.9-37 0L165.1 689c-12.2 14.2-1.2 35 18.5 35h656.8c19.7 0 30.7-20.8 18.5-35z"
                                  />
                                </svg>
                              </span>
                              <span
                                aria-label="caret-down"
                                className="anticon anticon-caret-down ant-table-column-sorter-down"
                                role="img"
                              >
                                <svg
                                  aria-hidden="true"
                                  data-icon="caret-down"
                                  fill="currentColor"
                                  focusable="false"
                                  height="1em"
                                  viewBox="0 0 1024 1024"
                                  width="1em"
                                >
                                  <path
                                    d="M840.4 300H183.6c-19.7 0-30.7 20.8-18.5 35l328.4 380.8c9.4 10.9 27.5 10.9 37 0L858.9 335c12.2-14.2 1.2-35-18.5-35z"
                                  />
                                </svg>
                              </span>
                            </span>
                          </span>
                        </div>
                      </th>
                      <th
                        className="ant-table-cell"
                        colSpan={null}
                        onMouseEnter={[Function]}
                        onMouseLeave={[Function]}
                        rowSpan={null}
                        style={Object {}}
                      >
                        Patient
                      </th>
                      <th
                        className="ant-table-cell ant-table-column-has-sorters"
                        colSpan={null}
                        onClick={[Function]}
                        onKeyDown={[Function]}
                        onMouseEnter={[Function]}
                        onMouseLeave={[Function]}
                        rowSpan={null}
                        style={Object {}}
                        tabIndex={0}
                      >
                        <div
                          className="ant-table-column-sorters"
                        >
                          <span
                            className="ant-table-column-title"
                          >
                            Statut
                          </span>
                          <span
                            className="ant-table-column-sorter ant-table-column-sorter-full"
                          >
                            <span
                              className="ant-table-column-sorter-inner"
                            >
                              <span
                                aria-label="caret-up"
                                className="anticon anticon-caret-up ant-table-column-sorter-up"
                                role="img"
                              >
                                <svg
                                  aria-hidden="true"
                                  data-icon="caret-up"
                                  fill="currentColor"
                                  focusable="false"
                                  height="1em"
                                  viewBox="0 0 1024 1024"
                                  width="1em"
                                >
                                  <path
                                    d="M858.9 689L530.5 308.2c-9.4-10.9-27.5-10.9-37 0L165.1 689c-12.2 14.2-1.2 35 18.5 35h656.8c19.7 0 30.7-20.8 18.5-35z"
                                  />
                                </svg>
                              </span>
                              <span
                                aria-label="caret-down"
                                className="anticon anticon-caret-down ant-table-column-sorter-down"
                                role="img"
                              >
                                <svg
                                  aria-hidden="true"
                                  data-icon="caret-down"
                                  fill="currentColor"
                                  focusable="false"
                                  height="1em"
                                  viewBox="0 0 1024 1024"
                                  width="1em"
                                >
                                  <path
                                    d="M840.4 300H183.6c-19.7 0-30.7 20.8-18.5 35l328.4 380.8c9.4 10.9 27.5 10.9 37 0L858.9 335c12.2-14.2 1.2-35-18.5-35z"
                                  />
                                </svg>
                              </span>
                            </span>
                          </span>
                        </div>
                      </th>
                      <th
                        className="ant-table-cell ant-table-column-has-sorters"
                        colSpan={null}
                        onClick={[Function]}
                        onKeyDown={[Function]}
                        onMouseEnter={[Function]}
                        onMouseLeave={[Function]}
                        rowSpan={null}
                        style={Object {}}
                        tabIndex={0}
                      >
                        <div
                          className="ant-table-column-sorters"
                        >
                          <span
                            className="ant-table-column-title"
                          >
                            <span
                              onMouseEnter={[Function]}
                              onMouseLeave={[Function]}
                              style={
                                Object {
                                  "borderBottom": "1px dotted",
                                }
                              }
                            >
                              Créée le
                            </span>
                          </span>
                          <span
                            className="ant-table-column-sorter ant-table-column-sorter-full"
                          >
                            <span
                              className="ant-table-column-sorter-inner"
                            >
                              <span
                                aria-label="caret-up"
                                className="anticon anticon-caret-up ant-table-column-sorter-up"
                                role="img"
                              >
                                <svg
                                  aria-hidden="true"
                                  data-icon="caret-up"
                                  fill="currentColor"
                                  focusable="false"
                                  height="1em"
                                  viewBox="0 0 1024 1024"
                                  width="1em"
                                >
                                  <path
                                    d="M858.9 689L530.5 308.2c-9.4-10.9-27.5-10.9-37 0L165.1 689c-12.2 14.2-1.2 35 18.5 35h656.8c19.7 0 30.7-20.8 18.5-35z"
                                  />
                                </svg>
                              </span>
                              <span
                                aria-label="caret-down"
                                className="anticon anticon-caret-down ant-table-column-sorter-down"
                                role="img"
                              >
                                <svg
                                  aria-hidden="true"
                                  data-icon="caret-down"
                                  fill="currentColor"
                                  focusable="false"
                                  height="1em"
                                  viewBox="0 0 1024 1024"
                                  width="1em"
                                >
                                  <path
                                    d="M840.4 300H183.6c-19.7 0-30.7 20.8-18.5 35l328.4 380.8c9.4 10.9 27.5 10.9 37 0L858.9 335c12.2-14.2 1.2-35-18.5-35z"
                                  />
                                </svg>
                              </span>
                            </span>
                          </span>
                        </div>
                      </th>
                      <th
                        className="ant-table-cell ant-table-column-has-sorters"
                        colSpan={null}
                        onClick={[Function]}
                        onKeyDown={[Function]}
                        onMouseEnter={[Function]}
                        onMouseLeave={[Function]}
                        rowSpan={null}
                        style={Object {}}
                        tabIndex={0}
                      >
                        <div
                          className="ant-table-column-sorters"
                        >
                          <span
                            className="ant-table-column-title"
                          >
                            <span
                              onMouseEnter={[Function]}
                              onMouseLeave={[Function]}
                              style={
                                Object {
                                  "borderBottom": "1px dotted",
                                }
                              }
                            >
                              Analyse
                            </span>
                          </span>
                          <span
                            className="ant-table-column-sorter ant-table-column-sorter-full"
                          >
                            <span
                              className="ant-table-column-sorter-inner"
                            >
                              <span
                                aria-label="caret-up"
                                className="anticon anticon-caret-up ant-table-column-sorter-up"
                                role="img"
                              >
                                <svg
                                  aria-hidden="true"
                                  data-icon="caret-up"
                                  fill="currentColor"
                                  focusable="false"
                                  height="1em"
                                  viewBox="0 0 1024 1024"
                                  width="1em"
                                >
                                  <path
                                    d="M858.9 689L530.5 308.2c-9.4-10.9-27.5-10.9-37 0L165.1 689c-12.2 14.2-1.2 35 18.5 35h656.8c19.7 0 30.7-20.8 18.5-35z"
                                  />
                                </svg>
                              </span>
                              <span
                                aria-label="caret-down"
                                className="anticon anticon-caret-down ant-table-column-sorter-down"
                                role="img"
                              >
                                <svg
                                  aria-hidden="true"
                                  data-icon="caret-down"
                                  fill="currentColor"
                                  focusable="false"
                                  height="1em"
                                  viewBox="0 0 1024 1024"
                                  width="1em"
                                >
                                  <path
                                    d="M840.4 300H183.6c-19.7 0-30.7 20.8-18.5 35l328.4 380.8c9.4 10.9 27.5 10.9 37 0L858.9 335c12.2-14.2 1.2-35-18.5-35z"
                                  />
                                </svg>
                              </span>
                            </span>
                          </span>
                        </div>
                      </th>
                      <th
                        className="ant-table-cell ant-table-column-has-sorters"
                        colSpan={null}
                        onClick={[Function]}
                        onKeyDown={[Function]}
                        onMouseEnter={[Function]}
                        onMouseLeave={[Function]}
                        rowSpan={null}
                        style={Object {}}
                        tabIndex={0}
                      >
                        <div
                          className="ant-table-column-sorters"
                        >
                          <span
                            className="ant-table-column-title"
                          >
                            <span
                              onMouseEnter={[Function]}
                              onMouseLeave={[Function]}
                              style={
                                Object {
                                  "borderBottom": "1px dotted",
                                }
                              }
                            >
                              LDM
                            </span>
                          </span>
                          <span
                            className="ant-table-column-sorter ant-table-column-sorter-full"
                          >
                            <span
                              className="ant-table-column-sorter-inner"
                            >
                              <span
                                aria-label="caret-up"
                                className="anticon anticon-caret-up ant-table-column-sorter-up"
                                role="img"
                              >
                                <svg
                                  aria-hidden="true"
                                  data-icon="caret-up"
                                  fill="currentColor"
                                  focusable="false"
                                  height="1em"
                                  viewBox="0 0 1024 1024"
                                  width="1em"
                                >
                                  <path
                                    d="M858.9 689L530.5 308.2c-9.4-10.9-27.5-10.9-37 0L165.1 689c-12.2 14.2-1.2 35 18.5 35h656.8c19.7 0 30.7-20.8 18.5-35z"
                                  />
                                </svg>
                              </span>
                              <span
                                aria-label="caret-down"
                                className="anticon anticon-caret-down ant-table-column-sorter-down"
                                role="img"
                              >
                                <svg
                                  aria-hidden="true"
                                  data-icon="caret-down"
                                  fill="currentColor"
                                  focusable="false"
                                  height="1em"
                                  viewBox="0 0 1024 1024"
                                  width="1em"
                                >
                                  <path
                                    d="M840.4 300H183.6c-19.7 0-30.7 20.8-18.5 35l328.4 380.8c9.4 10.9 27.5 10.9 37 0L858.9 335c12.2-14.2 1.2-35-18.5-35z"
                                  />
                                </svg>
                              </span>
                            </span>
                          </span>
                        </div>
                      </th>
                      <th
                        className="ant-table-cell ant-table-column-has-sorters"
                        colSpan={null}
                        onClick={[Function]}
                        onKeyDown={[Function]}
                        onMouseEnter={[Function]}
                        onMouseLeave={[Function]}
                        rowSpan={null}
                        style={Object {}}
                        tabIndex={0}
                      >
                        <div
                          className="ant-table-column-sorters"
                        >
                          <span
                            className="ant-table-column-title"
                          >
                            <span
                              onMouseEnter={[Function]}
                              onMouseLeave={[Function]}
                              style={
                                Object {
                                  "borderBottom": "1px dotted",
                                }
                              }
                            >
                              EP
                            </span>
                          </span>
                          <span
                            className="ant-table-column-sorter ant-table-column-sorter-full"
                          >
                            <span
                              className="ant-table-column-sorter-inner"
                            >
                              <span
                                aria-label="caret-up"
                                className="anticon anticon-caret-up ant-table-column-sorter-up"
                                role="img"
                              >
                                <svg
                                  aria-hidden="true"
                                  data-icon="caret-up"
                                  fill="currentColor"
                                  focusable="false"
                                  height="1em"
                                  viewBox="0 0 1024 1024"
                                  width="1em"
                                >
                                  <path
                                    d="M858.9 689L530.5 308.2c-9.4-10.9-27.5-10.9-37 0L165.1 689c-12.2 14.2-1.2 35 18.5 35h656.8c19.7 0 30.7-20.8 18.5-35z"
                                  />
                                </svg>
                              </span>
                              <span
                                aria-label="caret-down"
                                className="anticon anticon-caret-down ant-table-column-sorter-down"
                                role="img"
                              >
                                <svg
                                  aria-hidden="true"
                                  data-icon="caret-down"
                                  fill="currentColor"
                                  focusable="false"
                                  height="1em"
                                  viewBox="0 0 1024 1024"
                                  width="1em"
                                >
                                  <path
                                    d="M840.4 300H183.6c-19.7 0-30.7 20.8-18.5 35l328.4 380.8c9.4 10.9 27.5 10.9 37 0L858.9 335c12.2-14.2 1.2-35-18.5-35z"
                                  />
                                </svg>
                              </span>
                            </span>
                          </span>
                        </div>
                      </th>
                      <th
                        className="ant-table-cell ant-table-column-has-sorters"
                        colSpan={null}
                        onClick={[Function]}
                        onKeyDown={[Function]}
                        onMouseEnter={[Function]}
                        onMouseLeave={[Function]}
                        rowSpan={null}
                        style={Object {}}
                        tabIndex={0}
                      >
                        <div
                          className="ant-table-column-sorters"
                        >
                          <span
                            className="ant-table-column-title"
                          >
                            Prescription
                          </span>
                          <span
                            className="ant-table-column-sorter ant-table-column-sorter-full"
                          >
                            <span
                              className="ant-table-column-sorter-inner"
                            >
                              <span
                                aria-label="caret-up"
                                className="anticon anticon-caret-up ant-table-column-sorter-up"
                                role="img"
                              >
                                <svg
                                  aria-hidden="true"
                                  data-icon="caret-up"
                                  fill="currentColor"
                                  focusable="false"
                                  height="1em"
                                  viewBox="0 0 1024 1024"
                                  width="1em"
                                >
                                  <path
                                    d="M858.9 689L530.5 308.2c-9.4-10.9-27.5-10.9-37 0L165.1 689c-12.2 14.2-1.2 35 18.5 35h656.8c19.7 0 30.7-20.8 18.5-35z"
                                  />
                                </svg>
                              </span>
                              <span
                                aria-label="caret-down"
                                className="anticon anticon-caret-down ant-table-column-sorter-down"
                                role="img"
                              >
                                <svg
                                  aria-hidden="true"
                                  data-icon="caret-down"
                                  fill="currentColor"
                                  focusable="false"
                                  height="1em"
                                  viewBox="0 0 1024 1024"
                                  width="1em"
                                >
                                  <path
                                    d="M840.4 300H183.6c-19.7 0-30.7 20.8-18.5 35l328.4 380.8c9.4 10.9 27.5 10.9 37 0L858.9 335c12.2-14.2 1.2-35-18.5-35z"
                                  />
                                </svg>
                              </span>
                            </span>
                          </span>
                        </div>
                      </th>
                    </tr>
                  </thead>
                  <tbody
                    className="ant-table-tbody"
                  >
                    <tr
                      className="ant-table-placeholder"
                      style={
                        Object {
                          "display": null,
                        }
                      }
                    >
                      <td
                        className="ant-table-cell"
                        colSpan={10}
                        onMouseEnter={[Function]}
                        onMouseLeave={[Function]}
                        rowSpan={null}
                        style={Object {}}
                      >
                        <div
                          className="ant-empty ant-empty-normal"
                        >
                          <div
                            className="ant-empty-image"
                          >
                            <svg
                              className="ant-empty-img-simple"
                              height="41"
                              viewBox="0 0 64 41"
                              width="64"
                              xmlns="http://www.w3.org/2000/svg"
                            >
                              <g
                                fill="none"
                                fillRule="evenodd"
                                transform="translate(0 1)"
                              >
                                <ellipse
                                  className="ant-empty-img-simple-ellipse"
                                  cx="32"
                                  cy="33"
                                  rx="32"
                                  ry="7"
                                />
                                <g
                                  className="ant-empty-img-simple-g"
                                  fillRule="nonzero"
                                >
                                  <path
                                    d="M55 12.76L44.854 1.258C44.367.474 43.656 0 42.907 0H21.093c-.749 0-1.46.474-1.947 1.257L9 12.761V22h46v-9.24z"
                                  />
                                  <path
                                    className="ant-empty-img-simple-path"
                                    d="M41.613 15.931c0-1.605.994-2.93 2.227-2.931H55v18.137C55 33.26 53.68 35 52.05 35h-40.1C10.32 35 9 33.259 9 31.137V13h11.16c1.233 0 2.227 1.323 2.227 2.928v.022c0 1.605 1.005 2.901 2.237 2.901h14.752c1.232 0 2.237-1.308 2.237-2.913v-.007z"
                                  />
                                </g>
                              </g>
                            </svg>
                          </div>
                          <div
                            className="ant-empty-description"
                          >
                            No Data
                          </div>
                        </div>
                      </td>
                    </tr>
                  </tbody>
                </table>
              </div>
            </div>
          </div>
        </div>
      </div>
    </div>
  </div>
</div>
`;
